// Jest Snapshot v1, https://goo.gl/fbAQLP

exports[`renders as expected 1`] = `
<div>
  <mock-appbar
    classname="NavBar-appBar-1"
    position="static"
  >
    <mock-toolbar
      variant="dense"
    >
      <div
        class="MuiGrid-root MuiGrid-container"
      >
        <div
          class="MuiGrid-root MuiGrid-item MuiGrid-grid-xs-3"
        >
          <div
            class="MuiBox-root MuiBox-root-109"
          >
            <mock-typography
              classname="NavBar-logo-2"
              to="/"
              variant="h6"
            >
              Template
            </mock-typography>
          </div>
        </div>
        <div
          class="MuiGrid-root NavBar-menuContainer-3 MuiGrid-item MuiGrid-grid-xs-9"
        >
          <mock-button
            to="/"
          >
            <svg
              aria-hidden="true"
              class="svg-inline--fa fa-info fa-w-6 NavBar-icon-4"
              data-icon="info"
              data-prefix="fas"
              focusable="false"
              role="img"
              viewBox="0 0 192 512"
              xmlns="http://www.w3.org/2000/svg"
            >
              <path
                d="M20 424.229h20V279.771H20c-11.046 0-20-8.954-20-20V212c0-11.046 8.954-20 20-20h112c11.046 0 20 8.954 20 20v212.229h20c11.046 0 20 8.954 20 20V492c0 11.046-8.954 20-20 20H20c-11.046 0-20-8.954-20-20v-47.771c0-11.046 8.954-20 20-20zM96 0C56.235 0 24 32.235 24 72s32.235 72 72 72 72-32.235 72-72S135.764 0 96 0z"
                fill="currentColor"
              />
            </svg>
            Home page
          </mock-button>
          <mock-button
            to="/"
          >
            <svg
              aria-hidden="true"
              class="svg-inline--fa fa-home fa-w-18 NavBar-icon-4"
              data-icon="home"
              data-prefix="fas"
              focusable="false"
              role="img"
              viewBox="0 0 576 512"
              xmlns="http://www.w3.org/2000/svg"
            >
              <path
                d="M280.37 148.26L96 300.11V464a16 16 0 0 0 16 16l112.06-.29a16 16 0 0 0 15.92-16V368a16 16 0 0 1 16-16h64a16 16 0 0 1 16 16v95.64a16 16 0 0 0 16 16.05L464 480a16 16 0 0 0 16-16V300L295.67 148.26a12.19 12.19 0 0 0-15.3 0zM571.6 251.47L488 182.56V44.05a12 12 0 0 0-12-12h-56a12 12 0 0 0-12 12v72.61L318.47 43a48 48 0 0 0-61 0L4.34 251.47a12 12 0 0 0-1.6 16.9l25.5 31A12 12 0 0 0 45.15 301l235.22-193.74a12.19 12.19 0 0 1 15.3 0L530.9 301a12 12 0 0 0 16.9-1.6l25.5-31a12 12 0 0 0-1.7-16.93z"
                fill="currentColor"
              />
            </svg>
            About page
          </mock-button>
        </div>
      </div>
    </mock-toolbar>
  </mock-appbar>
</div>
`;
